INFO:     Started server process [755194]
INFO:     Waiting for application startup.
INFO:     Application startup complete.
INFO:     Uvicorn running on http://127.0.0.1:8000 (Press CTRL+C to quit)
Starting research iteration for XAUUSD on H1...
MT5 Connected
Symbol: XAUUSD
Timeframe: H1
Candles Received: 60
Features Generated: true
Research Completed: true
Saved research snapshot to: runtime_logs/research_snapshots/rpt-XAUUSD-464ad651.json
Research cycle completed successfully. Result ID: rpt-XAUUSD-464ad651
Starting research iteration for XAUUSD on H1...
MT5 Connected
Symbol: XAUUSD
Timeframe: H1
Candles Received: 60
Features Generated: true
Research Completed: true
Saved research snapshot to: runtime_logs/research_snapshots/rpt-XAUUSD-4bdf2453.json
Research cycle completed successfully. Result ID: rpt-XAUUSD-4bdf2453
Starting research iteration for XAUUSD on H1...
MT5 Connected
Symbol: XAUUSD
Timeframe: H1
Candles Received: 60
Features Generated: true
Research Completed: true
Saved research snapshot to: runtime_logs/research_snapshots/rpt-XAUUSD-aaf9b4fe.json
Research cycle completed successfully. Result ID: rpt-XAUUSD-aaf9b4fe
Starting research iteration for XAUUSD on H1...
MT5 Connected
Symbol: XAUUSD
Timeframe: H1
Candles Received: 60
Features Generated: true
Research Completed: true
Saved research snapshot to: runtime_logs/research_snapshots/rpt-XAUUSD-8f256478.json
Research cycle completed successfully. Result ID: rpt-XAUUSD-8f256478
INFO:     127.0.0.1:41154 - "GET / HTTP/1.1" 200 OK
INFO:     Shutting down
INFO:     Waiting for application shutdown.
INFO:     Application shutdown complete.
INFO:     Finished server process [755194]
